Проверок сверки Python ↔ Excel: 44  расхождений: 1
  РАСХОЖДЕНИЕ ('ПЛ: индекс платёжеспособности S-01', 1.4789499752352648, 1.404655770183259, False)
SOM
  ПС-X (поиск)                             11.4 /         73.2 /        720.4
  ЦВ-X (воронка)                            1.7 /          9.5 /         91.5
  СЦ-X (Similarweb)                         3.6 /         98.1 /       1393.3
  ПК-X (SOM, сценарии)                    456.2 /       3959.8 /      16590.1
  ПЛ-X (достижимая выручка)               249.5 /       2969.8 /      14344.3
  SW-X (SOM)                               38.4 /        329.6 /       4893.5
  SW-X вариант М2 (SOM)                     6.0 /         82.8 /       1424.9
  stats min/avg/max: [1.7, 1074.7, 16590.1]
MARKET
  ПК-X (SAM)                            57020.6 /     197988.2 /     414753.6
  ПЛ-X (рынок)                          49893.2 /     197989.0 /     409837.2
  СВ-X сверху вниз                      15399.2 /     296434.6 /    2372617.5
  СВ-X снизу вверх                     118793.4 /     197989.0 /     277184.6
  СВ-X Similarweb + воронка              1151.9 /       4761.5 /      13726.8
  СЦ-X (рынок)                            710.8 /       6542.5 /      34832.7
  SW-X (рынок)                           7689.7 /      21970.6 /     139815.0
  SW-X вариант М2 (рынок)                1196.2 /       5520.8 /      40710.8
  stats min/avg/max: [710.8, 116149.5, 2372617.5]
