{
 "visits_relevant_month": 26.22,
 "sw_visible": 6781.533,
 "sw_total_fixed": 10433.127692307693,
 "sw_rev_month": 821.51490762,
 "sw_rev_year_fixed": 15166.429063753847,
 "sw_before": {
  "C12_old": 17632.769000000004,
  "C14_old": 25632.403639920005
 },
 "reach": [
  3.933,
  6.555,
  10.488
 ],
 "leads": [
  0.03933,
  0.163875,
  0.5244
 ],
 "sales": [
  0.0011798999999999998,
  0.006555,
  0.02622
 ],
 "rev_year": [
  1.7151970319999998,
  9.5288724,
  91.4784336
 ],
 "rev_year_repeat": [
  1.7151970319999998,
  11.434646879999999,
  137.2176504
 ],
 "min": 1.7151970319999998,
 "base": 9.5288724,
 "max": 91.4784336,
 "rel_share": 0.3845983010382544,
 "errors": [],
 "charts": 1
}
