{
 "p1_before": 16640.063000000002,
 "p1_after": 17632.769,
 "observed_month": 17632.769,
 "market_traffic_month": 25189.670000000002,
 "market_year": [
  7689.721091976001,
  21970.631691360002,
  139815.03433800003
 ],
 "som": [
  38.44860545988001,
  329.55947537040004,
  4893.526201830002
 ],
 "orders": [
  5.2898307,
  15.113802000000002,
  40.07447500000001
 ],
 "hhi_raw": 7590.449732905407,
 "hhi_rel": 7590.449732905409,
 "cr3_raw": 99.7779134973072,
 "cr3_rel": 99.77791349730721,
 "hhi_level": [
  "высокая",
  "высокая",
  "высокая"
 ],
 "hhi_check": [
  "выполняется",
  "выполняется",
  "выполняется"
 ],
 "hhi_rel2": 6429.546916179993,
 "cr3_rel2": 99.59578461094269,
 "q_row": 11,
 "m1_som_rev": 111.816234398423,
 "m1_som_traffic": 128.1990470145,
 "m1_tam": 9005500.0,
 "m1_sam_geo": 17632.769,
 "m2_year": [
  1196.1788365296,
  5520.825399367384,
  40710.84823371177
 ],
 "m2_som": [
  5.980894182648,
  82.81238099051076,
  1424.879688179912
 ],
 "m2_vtotal": [
  39183.93111111111,
  27127.336923076924,
  20744.43411764706
 ],
 "channels": [
  [
   "Direct",
   0.0,
   "нет данных"
  ],
  [
   "Organic search",
   0.48469999999999996,
   "высокий"
  ],
  [
   "Referral",
   0.0,
   "нет данных"
  ],
  [
   "Social",
   0.0,
   "нет данных"
  ],
  [
   "Paid search",
   0.0,
   "нет данных"
  ],
  [
   "Display",
   0.0,
   "нет данных"
  ]
 ],
 "geo_fix": [
  [
   49.32137386000001,
   25189.670000000002
  ],
  [
   35.97084876,
   18371.22
  ],
  [
   13.3505251,
   6818.450000000001
  ],
  [
   2284.703069,
   1166855.5
  ]
 ],
 "errors": [],
 "charts": 2
}
