{
 "tam_base": 45627259.86,
 "in_bounds": 111284.7,
 "addressable": 1634.3752218749999,
 "sam": 197988.2143779375,
 "som": 3007.34381512125,
 "som_sam": 0.015189509257255913,
 "addr_share": 0.01468643238356216,
 "sam_per_client": 121.14,
 "som_vs_sw": 0.8716022497631225,
 "scen": {
  "cautious": [
   29201446.310400005,
   57020.60574084601,
   456.1648459267681
  ],
  "base": [
   45627259.86,
   197988.2143779375,
   3959.76428755875
  ],
  "optimistic": [
   57718483.722899996,
   414753.6310074785,
   16590.14524029914
  ]
 },
 "by_seg": [
  [
   90115.09959375,
   901.1509959374999,
   743.8921875
  ],
  [
   102746.1671341875,
   2054.92334268375,
   848.160534375
  ],
  [
   5126.947650000001,
   51.26947650000001,
   42.322500000000005
  ]
 ],
 "sw_year": 3450.362612004,
 "errors": [],
 "charts": 2
}
