{
 "F_mean_weighted": 327.75416666666666,
 "visits": [
  13.110166666666666,
  26.220333333333333,
  39.3305
 ],
 "leads": [
  0.26220333333333334,
  1.0488133333333334,
  2.7531350000000003
 ],
 "sales": [
  0.007866100000000001,
  0.04195253333333333,
  0.13765675000000002
 ],
 "rev_month": [
  0.9528993540000001,
  6.0985558656,
  60.033485242500014
 ],
 "rev_year": [
  11.434792248,
  73.1826703872,
  720.4018229100002
 ],
 "index_mean": 49.12393630182148,
 "index_max": 100.0,
 "weighted_mean": 327.75416666666666,
 "range_text": "11 — 720",
 "level": "средний",
 "sumJ": 208.075,
 "errors": [],
 "charts": 1
}
