{
 "traffic_year": [
  48895.869132000014,
  90012.84999300001,
  153355.225914
 ],
 "market_rev": [
  710.7894703980578,
  6542.493988891213,
  34832.722626041184
 ],
 "som": [
  3.553947351990289,
  98.1374098333682,
  1393.3089050416474
 ],
 "sales": [
  7.334380369800002,
  54.007709995800006,
  230.03283887100002
 ],
 "range_text": [
  "4 – 456",
  "73 – 3 960",
  "720 – 16 590"
 ],
 "reconcile": {
  "min": [
   3.553947351990289,
   73.1826703872,
   720.4018229100002
  ],
  "avg": [
   157.05119517558614,
   1377.028122593106,
   6234.618656083597
  ],
  "max": [
   456.1648459267681,
   3959.76428755875,
   16590.14524029914
  ]
 },
 "errors": [],
 "charts": 1
}
