{
 "topdown": [
  15399.200202749997,
  296434.60390293755,
  2372617.5127200005
 ],
 "topdown_clients": [
  127.11903749999998,
  2447.0414718750003,
  19585.748000000003
 ],
 "bottomup": 197991.29004682502,
 "bottomup_seg": [
  90117.3882312,
  102746.95416562502,
  5126.947650000001
 ],
 "sw_year_visits": 28482.4386,
 "sw_funnel": [
  1151.9021778724905,
  4761.50040456552,
  13726.834286313844
 ],
 "reconcile": {
  "top": [
   15399.200202749997,
   296434.60390293755,
   2372617.5127200005
  ],
  "bottom": [
   118794.77402809501,
   197991.29004682502,
   277187.806065555
  ],
  "sw": [
   1151.9021778724905,
   4761.50040456552,
   13726.834286313844
  ],
  "min": [
   1151.9021778724905,
   4761.50040456552,
   13726.834286313844
  ],
  "avg": [
   45115.29213623916,
   166395.79811810938,
   887844.0510239565
  ],
  "max": [
   118794.77402809501,
   296434.60390293755,
   2372617.5127200005
  ]
 },
 "errors": [],
 "charts": 0
}
